=== Autoresearch Experiment ===
Model: person_dataset/yolo12s.pt
Time budget: 5 min, Batch: 16, ImgSz: 640
LR: 0.01 → 0.01, CosLR: True
Augmentation: mosaic=1.0 mixup=0.1 copy_paste=0.1
Loss: box=7.5 cls=0.5

New https://pypi.org/project/ultralytics/8.4.37 available  Update with 'pip install -U ultralytics'
Ultralytics 8.4.32  Python-3.12.0 torch-2.12.0.dev20260329+cu128 CUDA:0 (NVIDIA GeForce RTX 5070, 12227MiB)
[34m[1mengine\trainer: [0magnostic_nms=False, amp=True, angle=1.0, augment=False, auto_augment=randaugment, batch=16, bgr=0.0, box=7.5, cache=ram, cfg=None, classes=None, close_mosaic=10, cls=0.5, compile=False, conf=0.001, copy_paste=0.1, copy_paste_mode=flip, cos_lr=True, cutmix=0.0, data=D:\autoresearch\autoresearch_new\person_dataset\person.yaml, degrees=5.0, deterministic=True, device=0, dfl=1.5, dnn=False, dropout=0.0, dynamic=False, embed=None, end2end=None, epochs=300, erasing=0.4, exist_ok=True, fliplr=0.5, flipud=0.5, format=torchscript, fraction=1.0, freeze=None, half=False, hsv_h=0.015, hsv_s=0.7, hsv_v=0.4, imgsz=640, int8=False, iou=0.6, keras=False, kobj=1.0, line_width=None, lr0=0.01, lrf=0.01, mask_ratio=4, max_det=300, mixup=0.1, mode=train, model=D:\autoresearch\autoresearch_new\person_dataset\yolo12s.pt, momentum=0.937, mosaic=1.0, multi_scale=0.0, name=current, nbs=64, nms=False, opset=None, optimize=False, optimizer=auto, overlap_mask=True, patience=300, perspective=0.0, plots=True, pose=12.0, pretrained=True, profile=False, project=autoresearch_runs, rect=False, resume=False, retina_masks=False, rle=1.0, save=True, save_conf=False, save_crop=False, save_dir=D:\autoresearch\autoresearch_new\runs\detect\autoresearch_runs\current, save_frames=False, save_json=False, save_period=-1, save_txt=False, scale=0.5, seed=0, shear=0.0, show=False, show_boxes=True, show_conf=True, show_labels=True, simplify=True, single_cls=True, source=None, split=val, stream_buffer=False, task=detect, time=0.08333333333333333, tracker=botsort.yaml, translate=0.1, val=True, verbose=True, vid_stride=1, visualize=False, warmup_bias_lr=0.1, warmup_epochs=3.0, warmup_momentum=0.8, weight_decay=0.0005, workers=8, workspace=None
Overriding class names with single class.
Overriding model.yaml nc=80 with nc=1

                   from  n    params  module                                       arguments                     
  0                  -1  1       928  ultralytics.nn.modules.conv.Conv             [3, 32, 3, 2]                 
  1                  -1  1     18560  ultralytics.nn.modules.conv.Conv             [32, 64, 3, 2]                
  2                  -1  1     26080  ultralytics.nn.modules.block.C3k2            [64, 128, 1, False, 0.25]     
  3                  -1  1    147712  ultralytics.nn.modules.conv.Conv             [128, 128, 3, 2]              
  4                  -1  1    103360  ultralytics.nn.modules.block.C3k2            [128, 256, 1, False, 0.25]    
  5                  -1  1    590336  ultralytics.nn.modules.conv.Conv             [256, 256, 3, 2]              
  6                  -1  2    689408  ultralytics.nn.modules.block.A2C2f           [256, 256, 2, True, 4]        
  7                  -1  1   1180672  ultralytics.nn.modules.conv.Conv             [256, 512, 3, 2]              
  8                  -1  2   2689536  ultralytics.nn.modules.block.A2C2f           [512, 512, 2, True, 1]        
  9                  -1  1         0  torch.nn.modules.upsampling.Upsample         [None, 2, 'nearest']          
 10             [-1, 6]  1         0  ultralytics.nn.modules.conv.Concat           [1]                           
 11                  -1  1    345856  ultralytics.nn.modules.block.A2C2f           [768, 256, 1, False, -1]      
 12                  -1  1         0  torch.nn.modules.upsampling.Upsample         [None, 2, 'nearest']          
 13             [-1, 4]  1         0  ultralytics.nn.modules.conv.Concat           [1]                           
 14                  -1  1     95104  ultralytics.nn.modules.block.A2C2f           [512, 128, 1, False, -1]      
 15                  -1  1    147712  ultralytics.nn.modules.conv.Conv             [128, 128, 3, 2]              
 16            [-1, 11]  1         0  ultralytics.nn.modules.conv.Concat           [1]                           
 17                  -1  1    296704  ultralytics.nn.modules.block.A2C2f           [384, 256, 1, False, -1]      
 18                  -1  1    590336  ultralytics.nn.modules.conv.Conv             [256, 256, 3, 2]              
 19             [-1, 8]  1         0  ultralytics.nn.modules.conv.Concat           [1]                           
 20                  -1  1   1511424  ultralytics.nn.modules.block.C3k2            [768, 512, 1, True]           
 21        [14, 17, 20]  1    819795  ultralytics.nn.modules.head.Detect           [1, 16, None, [128, 256, 512]]
YOLOv12s summary: 272 layers, 9,253,523 parameters, 9,253,507 gradients, 21.5 GFLOPs

Transferred 685/691 items from pretrained weights
Freezing layer 'model.21.dfl.conv.weight'
[34m[1mAMP: [0mrunning Automatic Mixed Precision (AMP) checks...
[34m[1mAMP: [0mchecks passed 
[34m[1mtrain: [0mFast image access  (ping: 0.10.0 ms, read: 426.6117.9 MB/s, size: 210.0 KB)

[K[34m[1mtrain: [0mScanning D:\autoresearch\autoresearch_new\person_dataset\labels\train.cache... 3690 images, 0 backgrounds, 0 corrupt: 100% ━━━━━━━━━━━━ 3690/3690  0.0s
WARNING cache='ram' may produce non-deterministic training results. Consider cache='disk' as a deterministic alternative if your disk space allows.

[K[34m[1mtrain: [0mCaching images (0.1GB RAM): 2% ──────────── 82/3690 213.3it/s 0.1s<16.9s
[K[34m[1mtrain: [0mCaching images (0.2GB RAM): 4% ╸─────────── 161/3690 385.1it/s 0.2s<9.2s
[K[34m[1mtrain: [0mCaching images (0.3GB RAM): 7% ╸─────────── 242/3690 511.4it/s 0.3s<6.7s
[K[34m[1mtrain: [0mCaching images (0.4GB RAM): 9% ━─────────── 325/3690 606.4it/s 0.4s<5.5s
[K[34m[1mtrain: [0mCaching images (0.5GB RAM): 11% ━─────────── 408/3690 672.6it/s 0.5s<4.9s
[K[34m[1mtrain: [0mCaching images (0.6GB RAM): 13% ━╸────────── 484/3690 697.9it/s 0.6s<4.6s
[K[34m[1mtrain: [0mCaching images (0.6GB RAM): 15% ━╸────────── 553/3690 694.6it/s 0.7s<4.5s
[K[34m[1mtrain: [0mCaching images (0.7GB RAM): 17% ━━────────── 631/3690 719.5it/s 0.8s<4.3s
[K[34m[1mtrain: [0mCaching images (0.8GB RAM): 19% ━━────────── 712/3690 745.6it/s 0.9s<4.0s
[K[34m[1mtrain: [0mCaching images (0.9GB RAM): 22% ━━╸───────── 796/3690 773.1it/s 1.0s<3.7s
[K[34m[1mtrain: [0mCaching images (1.0GB RAM): 24% ━━╸───────── 870/3690 762.1it/s 1.1s<3.7s
[K[34m[1mtrain: [0mCaching images (1.1GB RAM): 26% ━━━───────── 954/3690 784.1it/s 1.2s<3.5s
[K[34m[1mtrain: [0mCaching images (1.2GB RAM): 28% ━━━───────── 1036/3690 793.6it/s 1.3s<3.3s
[K[34m[1mtrain: [0mCaching images (1.3GB RAM): 30% ━━━╸──────── 1118/3690 800.5it/s 1.4s<3.2s
[K[34m[1mtrain: [0mCaching images (1.4GB RAM): 32% ━━━╸──────── 1198/3690 799.5it/s 1.5s<3.1s
[K[34m[1mtrain: [0mCaching images (1.5GB RAM): 35% ━━━━──────── 1282/3690 810.5it/s 1.6s<3.0s
[K[34m[1mtrain: [0mCaching images (1.6GB RAM): 37% ━━━━──────── 1364/3690 813.2it/s 1.7s<2.9s
[K[34m[1mtrain: [0mCaching images (1.7GB RAM): 39% ━━━━╸─────── 1446/3690 814.6it/s 1.8s<2.8s
[K[34m[1mtrain: [0mCaching images (1.7GB RAM): 41% ━━━━╸─────── 1527/3690 812.0it/s 1.9s<2.7s
[K[34m[1mtrain: [0mCaching images (1.8GB RAM): 44% ━━━━━─────── 1612/3690 822.6it/s 2.0s<2.5s
[K[34m[1mtrain: [0mCaching images (1.9GB RAM): 46% ━━━━━╸────── 1695/3690 823.9it/s 2.1s<2.4s
[K[34m[1mtrain: [0mCaching images (2.0GB RAM): 48% ━━━━━╸────── 1774/3690 813.2it/s 2.2s<2.4s
[K[34m[1mtrain: [0mCaching images (2.1GB RAM): 50% ━━━━━━────── 1858/3690 819.9it/s 2.3s<2.2s
[K[34m[1mtrain: [0mCaching images (2.2GB RAM): 53% ━━━━━━────── 1938/3690 812.8it/s 2.4s<2.2s
[K[34m[1mtrain: [0mCaching images (2.3GB RAM): 55% ━━━━━━╸───── 2021/3690 817.8it/s 2.5s<2.0s
[K[34m[1mtrain: [0mCaching images (2.4GB RAM): 57% ━━━━━━╸───── 2106/3690 826.4it/s 2.6s<1.9s
[K[34m[1mtrain: [0mCaching images (2.5GB RAM): 59% ━━━━━━━───── 2172/3690 776.2it/s 2.7s<2.0s
[K[34m[1mtrain: [0mCaching images (2.6GB RAM): 61% ━━━━━━━───── 2249/3690 773.6it/s 2.8s<1.9s
[K[34m[1mtrain: [0mCaching images (2.7GB RAM): 63% ━━━━━━━╸──── 2324/3690 765.9it/s 2.9s<1.8s
[K[34m[1mtrain: [0mCaching images (2.8GB RAM): 65% ━━━━━━━╸──── 2405/3690 778.2it/s 3.0s<1.7s
[K[34m[1mtrain: [0mCaching images (2.8GB RAM): 67% ━━━━━━━━──── 2488/3690 792.4it/s 3.1s<1.5s
[K[34m[1mtrain: [0mCaching images (2.9GB RAM): 70% ━━━━━━━━──── 2569/3690 796.4it/s 3.2s<1.4s
[K[34m[1mtrain: [0mCaching images (3.0GB RAM): 72% ━━━━━━━━╸─── 2652/3690 806.1it/s 3.3s<1.3s
[K[34m[1mtrain: [0mCaching images (3.1GB RAM): 74% ━━━━━━━━╸─── 2718/3690 761.0it/s 3.4s<1.3s
[K[34m[1mtrain: [0mCaching images (3.2GB RAM): 76% ━━━━━━━━━─── 2795/3690 762.5it/s 3.5s<1.2s
[K[34m[1mtrain: [0mCaching images (3.3GB RAM): 78% ━━━━━━━━━─── 2877/3690 779.5it/s 3.6s<1.0s
[K[34m[1mtrain: [0mCaching images (3.4GB RAM): 80% ━━━━━━━━━╸── 2960/3690 793.3it/s 3.7s<0.9s
[K[34m[1mtrain: [0mCaching images (3.5GB RAM): 82% ━━━━━━━━━╸── 3035/3690 779.2it/s 3.8s<0.8s
[K[34m[1mtrain: [0mCaching images (3.6GB RAM): 85% ━━━━━━━━━━── 3119/3690 796.3it/s 3.9s<0.7s
[K[34m[1mtrain: [0mCaching images (3.7GB RAM): 87% ━━━━━━━━━━── 3202/3690 805.6it/s 4.0s<0.6s
[K[34m[1mtrain: [0mCaching images (3.8GB RAM): 89% ━━━━━━━━━━╸─ 3283/3690 806.7it/s 4.1s<0.5s
[K[34m[1mtrain: [0mCaching images (3.8GB RAM): 91% ━━━━━━━━━━╸─ 3363/3690 804.2it/s 4.2s<0.4s
[K[34m[1mtrain: [0mCaching images (3.9GB RAM): 93% ━━━━━━━━━━━─ 3446/3690 810.5it/s 4.3s<0.3s
[K[34m[1mtrain: [0mCaching images (4.0GB RAM): 96% ━━━━━━━━━━━─ 3529/3690 815.1it/s 4.4s<0.2s
[K[34m[1mtrain: [0mCaching images (4.1GB RAM): 98% ━━━━━━━━━━━╸ 3610/3690 813.4it/s 4.5s<0.1s
[K[34m[1mtrain: [0mCaching images (4.2GB RAM): 100% ━━━━━━━━━━━━ 3690/3690 799.3it/s 4.6s
[34m[1mval: [0mFast image access  (ping: 0.30.2 ms, read: 225.366.7 MB/s, size: 226.2 KB)

[K[34m[1mval: [0mScanning D:\autoresearch\autoresearch_new\person_dataset\labels\val.cache... 857 images, 0 backgrounds, 0 corrupt: 100% ━━━━━━━━━━━━ 857/857  0.0s
[34m[1mval: [0mD:\autoresearch\autoresearch_new\person_dataset\images\val\DSC01958_2_2.JPG: 1 duplicate labels removed
WARNING cache='ram' may produce non-deterministic training results. Consider cache='disk' as a deterministic alternative if your disk space allows.

[K[34m[1mval: [0mCaching images (0.0GB RAM): 4% ──────────── 31/857 85.5it/s 0.1s<9.7s
[K[34m[1mval: [0mCaching images (0.1GB RAM): 7% ╸─────────── 63/857 135.8it/s 0.2s<5.8s
[K[34m[1mval: [0mCaching images (0.1GB RAM): 11% ━─────────── 93/857 175.7it/s 0.3s<4.3s
[K[34m[1mval: [0mCaching images (0.2GB RAM): 16% ━╸────────── 134/857 217.4it/s 0.5s<3.3s
[K[34m[1mval: [0mCaching images (0.2GB RAM): 20% ━━────────── 174/857 264.6it/s 0.6s<2.6s
[K[34m[1mval: [0mCaching images (0.2GB RAM): 24% ━━╸───────── 209/857 289.0it/s 0.7s<2.2s
[K[34m[1mval: [0mCaching images (0.3GB RAM): 28% ━━━───────── 243/857 297.9it/s 0.8s<2.1s
[K[34m[1mval: [0mCaching images (0.3GB RAM): 32% ━━━╸──────── 275/857 298.5it/s 0.9s<1.9s
[K[34m[1mval: [0mCaching images (0.3GB RAM): 34% ━━━━──────── 295/857 266.7it/s 1.0s<2.1s
[K[34m[1mval: [0mCaching images (0.4GB RAM): 39% ━━━━╸─────── 330/857 291.4it/s 1.1s<1.8s
[K[34m[1mval: [0mCaching images (0.4GB RAM): 41% ━━━━╸─────── 355/857 278.5it/s 1.2s<1.8s
[K[34m[1mval: [0mCaching images (0.4GB RAM): 45% ━━━━━─────── 387/857 263.5it/s 1.3s<1.8s
[K[34m[1mval: [0mCaching images (0.5GB RAM): 49% ━━━━━╸────── 424/857 284.1it/s 1.5s<1.5s
[K[34m[1mval: [0mCaching images (0.5GB RAM): 54% ━━━━━━╸───── 465/857 307.8it/s 1.6s<1.3s
[K[34m[1mval: [0mCaching images (0.6GB RAM): 57% ━━━━━━╸───── 488/857 280.1it/s 1.7s<1.3s
[K[34m[1mval: [0mCaching images (0.6GB RAM): 62% ━━━━━━━───── 534/857 307.0it/s 1.8s<1.1s
[K[34m[1mval: [0mCaching images (0.6GB RAM): 66% ━━━━━━━╸──── 566/857 304.2it/s 1.9s<1.0s
[K[34m[1mval: [0mCaching images (0.7GB RAM): 72% ━━━━━━━━╸─── 614/857 356.0it/s 2.0s<0.7s
[K[34m[1mval: [0mCaching images (0.7GB RAM): 76% ━━━━━━━━━─── 654/857 354.8it/s 2.1s<0.6s
[K[34m[1mval: [0mCaching images (0.8GB RAM): 82% ━━━━━━━━━╸── 704/857 397.6it/s 2.2s<0.4s
[K[34m[1mval: [0mCaching images (0.9GB RAM): 88% ━━━━━━━━━━╸─ 758/857 436.4it/s 2.3s<0.2s
[K[34m[1mval: [0mCaching images (0.9GB RAM): 94% ━━━━━━━━━━━─ 809/857 458.0it/s 2.4s<0.1s
[K[34m[1mval: [0mCaching images (1.0GB RAM): 100% ━━━━━━━━━━━━ 857/857 339.5it/s 2.5s
[34m[1moptimizer:[0m 'optimizer=auto' found, ignoring 'lr0=0.01' and 'momentum=0.937' and determining best 'optimizer', 'lr0' and 'momentum' automatically... 
[34m[1moptimizer:[0m MuSGD(lr=0.01, momentum=0.9) with parameter groups 113 weight(decay=0.0), 120 weight(decay=0.0005), 119 bias(decay=0.0)
Plotting labels to D:\autoresearch\autoresearch_new\runs\detect\autoresearch_runs\current\labels.jpg... 
Image sizes 640 train, 640 val
Using 8 dataloader workers
Logging results to [1mD:\autoresearch\autoresearch_new\runs\detect\autoresearch_runs\current[0m
Starting training for 0.08333333333333333 hours...

      Epoch    GPU_mem   box_loss   cls_loss   dfl_loss  Instances       Size

[K      1/300      5.98G      2.695      3.499      2.331        560        640: 0% ──────────── 0/231  11.3s
[K      1/300      6.25G      2.607      3.534      2.353        501        640: 0% ──────────── 1/231 1.1s/it 11.7s<4:03
[K      1/300      6.25G       2.58      3.513      2.412        429        640: 1% ──────────── 2/231 1.8it/s 11.9s<2:09
[K      1/300      6.25G      2.579      3.503      2.386        637        640: 1% ──────────── 3/231 2.5it/s 12.2s<1:30
[K      1/300      6.25G      2.592      3.507      2.405        470        640: 2% ──────────── 4/231 3.3it/s 12.4s<1:09
[K      1/300      6.58G      2.619      3.501      2.397        536        640: 2% ──────────── 5/231 2.7it/s 13.2s<1:25
[K      1/300      6.59G      2.626       3.51      2.417        463        640: 3% ──────────── 6/231 2.7it/s 13.6s<1:24
[K      1/300      6.59G      2.613      3.516      2.412        360        640: 3% ──────────── 7/231 2.7it/s 13.9s<1:23
[K      1/300      6.59G      2.606      3.504       2.41        412        640: 3% ──────────── 8/231 2.7it/s 14.3s<1:22
[K      1/300      6.59G        2.6      3.496      2.415        467        640: 4% ──────────── 9/231 2.8it/s 14.6s<1:20
[K      1/300      6.59G        2.6      3.487      2.429        536        640: 4% ╸─────────── 10/231 2.8it/s 15.0s<1:19
[K      1/300      6.59G      2.588      3.471      2.422        401        640: 5% ╸─────────── 11/231 2.8it/s 15.3s<1:18
[K      1/300      6.59G      2.587      3.456      2.426        383        640: 5% ╸─────────── 12/231 2.8it/s 15.7s<1:18
[K      1/300      6.59G      2.575      3.435      2.418        436        640: 6% ╸─────────── 13/231 2.8it/s 16.0s<1:17
[K      1/300      6.59G      2.576      3.405      2.409        617        640: 6% ╸─────────── 14/231 3.5it/s 16.2s<1:02
[K      1/300      6.59G       2.57      3.381      2.404        610        640: 6% ╸─────────── 15/231 3.3it/s 16.6s<1:06
[K      1/300      6.59G      2.565      3.353      2.403        414        640: 7% ╸─────────── 16/231 3.1it/s 16.9s<1:09
[K      1/300      6.91G      2.564      3.323      2.401        508        640: 7% ╸─────────── 17/231 2.9it/s 17.4s<1:15
[K      1/300      6.91G       2.56      3.288      2.402        492        640: 8% ╸─────────── 18/231 2.8it/s 17.7s<1:15
[K      1/300      6.91G      2.555      3.246      2.401        460        640: 8% ╸─────────── 19/231 2.9it/s 18.1s<1:14
[K      1/300      6.91G      2.556      3.208        2.4        578        640: 9% ━─────────── 20/231 2.8it/s 18.4s<1:14
[K      1/300      6.91G      2.544      3.163      2.394        319        640: 9% ━─────────── 21/231 2.8it/s 18.8s<1:15
[K      1/300      6.91G      2.544      3.125      2.388        524        640: 10% ━─────────── 22/231 2.8it/s 19.2s<1:14
[K      1/300      6.91G       2.54      3.096      2.389        426        640: 10% ━─────────── 23/231 2.8it/s 19.5s<1:13
[K      1/300      6.91G      2.536      3.057      2.385        493        640: 10% ━─────────── 24/231 2.8it/s 19.9s<1:13
[K      1/300      6.91G      2.525      3.018      2.377        439        640: 11% ━─────────── 25/231 2.8it/s 20.2s<1:12
[K      1/300      6.91G      2.526      2.987      2.368        593        640: 11% ━─────────── 26/231 2.8it/s 20.6s<1:13
[K      1/300      6.91G      2.522      2.958      2.363        488        640: 12% ━─────────── 27/231 2.8it/s 20.9s<1:13
[K      1/300      6.91G      2.517      2.929      2.359        507        640: 12% ━─────────── 28/231 2.2it/s 22.2s<1:32
[K      1/300      6.91G       2.51      2.895      2.346        541        640: 13% ━╸────────── 29/231 2.4it/s 22.5s<1:24
[K      1/300      6.91G        2.5      2.862      2.338        518        640: 13% ━╸────────── 30/231 2.5it/s 22.9s<1:20
[K      1/300      6.91G      2.496      2.833      2.332        644        640: 13% ━╸────────── 31/231 2.6it/s 23.2s<1:16
[K      1/300      6.91G      2.485      2.802      2.322        452        640: 14% ━╸────────── 32/231 2.7it/s 23.6s<1:15
[K      1/300      6.91G      2.476      2.772      2.318        444        640: 14% ━╸────────── 33/231 2.8it/s 23.9s<1:12
[K      1/300      6.91G      2.471      2.755      2.317        335        640: 15% ━╸────────── 34/231 2.8it/s 24.3s<1:11
[K      1/300      6.91G      2.465      2.734      2.313        403        640: 15% ━╸────────── 35/231 2.8it/s 24.6s<1:10
[K      1/300      6.91G      2.459      2.711       2.31        581        640: 16% ━╸────────── 36/231 2.9it/s 25.0s<1:08
[K      1/300      6.91G      2.453      2.692      2.307        332        640: 16% ━╸────────── 37/231 2.9it/s 25.3s<1:08
[K      1/300      6.91G      2.449      2.669        2.3        543        640: 16% ━╸────────── 38/231 2.9it/s 25.7s<1:08
[K      1/300      6.91G      2.443      2.646      2.292        520        640: 17% ━━────────── 39/231 2.9it/s 26.0s<1:07
[K      1/300      6.91G      2.438      2.628      2.288        420        640: 17% ━━────────── 40/231 2.9it/s 26.4s<1:06
[K      1/300      6.91G      2.433      2.606      2.281        546        640: 18% ━━────────── 41/231 2.9it/s 26.7s<1:06
[K      1/300      6.91G      2.432      2.589      2.278        533        640: 18% ━━────────── 42/231 2.9it/s 27.1s<1:06
[K      1/300      6.91G      2.427      2.569      2.271        467        640: 19% ━━────────── 43/231 2.9it/s 27.4s<1:06
[K      1/300      6.91G       2.42      2.553      2.266        412        640: 19% ━━────────── 44/231 2.9it/s 27.8s<1:05
[K      1/300      6.91G      2.415       2.54      2.266        419        640: 19% ━━────────── 45/231 2.9it/s 28.1s<1:04
[K      1/300      6.91G      2.413      2.524      2.261        639        640: 20% ━━────────── 46/231 2.9it/s 28.5s<1:04
[K      1/300      6.91G      2.409       2.51      2.256        406        640: 20% ━━────────── 47/231 2.9it/s 28.8s<1:03
[K      1/300      6.91G      2.402      2.494      2.249        458        640: 21% ━━────────── 48/231 2.9it/s 29.1s<1:03
[K      1/300      6.91G      2.397      2.483      2.244        368        640: 21% ━━╸───────── 49/231 2.9it/s 29.5s<1:03
[K      1/300      6.91G       2.39       2.47      2.239        394        640: 22% ━━╸───────── 50/231 2.9it/s 29.8s<1:03
[K      1/300      6.91G      2.386      2.458      2.234        542        640: 22% ━━╸───────── 51/231 2.9it/s 30.2s<1:02
[K      1/300      6.91G      2.381      2.444      2.229        485        640: 23% ━━╸───────── 52/231 2.9it/s 30.5s<1:02
[K      1/300      6.91G      2.377      2.433      2.226        453        640: 23% ━━╸───────── 53/231 2.9it/s 30.9s<1:02
[K      1/300      6.91G      2.373      2.421      2.221        449        640: 23% ━━╸───────── 54/231 2.9it/s 31.2s<1:01
[K      1/300      6.91G      2.368      2.412      2.218        612        640: 24% ━━╸───────── 55/231 2.9it/s 31.6s<1:01
[K      1/300      6.91G      2.363        2.4      2.214        469        640: 24% ━━╸───────── 56/231 2.9it/s 31.9s<1:01
[K      1/300      6.91G      2.362      2.391      2.211        711        640: 25% ━━╸───────── 57/231 2.9it/s 32.3s<1:01
[K      1/300      6.91G      2.355      2.381      2.205        412        640: 25% ━━━───────── 58/231 2.9it/s 32.6s<1:00
[K      1/300      6.91G      2.348      2.371        2.2        323        640: 26% ━━━───────── 59/231 2.9it/s 33.0s<59.9s
[K      1/300      6.91G      2.345      2.362      2.196        604        640: 26% ━━━───────── 60/231 2.9it/s 33.3s<59.0s
[K      1/300      6.91G      2.342      2.351      2.192        569        640: 26% ━━━───────── 61/231 2.9it/s 33.7s<58.8s
[K      1/300      6.91G      2.336      2.344      2.187        337        640: 27% ━━━───────── 62/231 2.9it/s 34.0s<58.9s
[K      1/300      6.91G      2.331      2.334      2.184        436        640: 27% ━━━───────── 63/231 2.9it/s 34.4s<58.5s
[K      1/300      6.91G      2.331      2.334      2.184        436        640: 28% ━━━───────── 64/231 2.9it/s 34.4s<58.1s
Traceback (most recent call last):
  File "D:\autoresearch\autoresearch_new\train.py", line 177, in <module>
    best_pt, epochs_completed = train()
                                ^^^^^^^
  File "D:\autoresearch\autoresearch_new\train.py", line 105, in train
    results = model.train(
              ^^^^^^^^^^^^
  File "D:\Python 3.12.0\Lib\site-packages\ultralytics\engine\model.py", line 788, in train
    self.trainer.train()
  File "D:\Python 3.12.0\Lib\site-packages\ultralytics\engine\trainer.py", line 244, in train
    self._do_train()
  File "D:\Python 3.12.0\Lib\site-packages\ultralytics\engine\trainer.py", line 407, in _do_train
    for i, batch in pbar:
  File "D:\Python 3.12.0\Lib\site-packages\ultralytics\utils\tqdm.py", line 350, in __iter__
    for item in self.iterable:
  File "D:\Python 3.12.0\Lib\site-packages\ultralytics\data\build.py", line 76, in __iter__
    yield next(self.iterator)
          ^^^^^^^^^^^^^^^^^^^
  File "D:\Python 3.12.0\Lib\site-packages\torch\utils\data\dataloader.py", line 741, in __next__
    data = self._next_data()
           ^^^^^^^^^^^^^^^^^
  File "D:\Python 3.12.0\Lib\site-packages\torch\utils\data\dataloader.py", line 1548, in _next_data
    return self._process_data(data, worker_id)
           ^^^^^^^^^^^^^^^^^^^^^^^^^^^^^^^^^^^
  File "D:\Python 3.12.0\Lib\site-packages\torch\utils\data\dataloader.py", line 1586, in _process_data
    data.reraise()
  File "D:\Python 3.12.0\Lib\site-packages\torch\_utils.py", line 784, in reraise
    raise RuntimeError(msg) from None
RuntimeError: Caught MemoryError in DataLoader worker process 0.
Original Traceback (most recent call last):
  File "D:\Python 3.12.0\Lib\site-packages\torch\utils\data\_utils\worker.py", line 374, in _worker_loop
    data = fetcher.fetch(index)  # type: ignore[possibly-undefined]
           ^^^^^^^^^^^^^^^^^^^^
  File "D:\Python 3.12.0\Lib\site-packages\torch\utils\data\_utils\fetch.py", line 54, in fetch
    data = [self.dataset[idx] for idx in possibly_batched_index]
            ~~~~~~~~~~~~^^^^^
  File "D:\Python 3.12.0\Lib\site-packages\ultralytics\data\base.py", line 380, in __getitem__
    return self.transforms(self.get_image_and_label(index))
           ^^^^^^^^^^^^^^^^^^^^^^^^^^^^^^^^^^^^^^^^^^^^^^^^
  File "D:\Python 3.12.0\Lib\site-packages\ultralytics\data\augment.py", line 187, in __call__
    data = t(data)
           ^^^^^^^
  File "D:\Python 3.12.0\Lib\site-packages\ultralytics\data\augment.py", line 376, in __call__
    labels = self._mix_transform(labels)
             ^^^^^^^^^^^^^^^^^^^^^^^^^^^
  File "D:\Python 3.12.0\Lib\site-packages\ultralytics\data\augment.py", line 870, in _mix_transform
    labels["img"] = (labels["img"] * r + labels2["img"] * (1 - r)).astype(np.uint8)
                                         ~~~~~~~~~~~~~~~^~~~~~~~~
numpy.core._exceptions._ArrayMemoryError: Unable to allocate 9.38 MiB for an array with shape (640, 640, 3) and data type float64

